../Drivers/CMSIS/Include/core_cm0plus.h:741:22:__NVIC_EnableIRQ	2
../Drivers/CMSIS/Include/core_cm0plus.h:850:22:__NVIC_SetPriority	2
../Drivers/STM32C0xx_HAL_Driver/Inc/stm32c0xx_ll_gpio.h:282:22:LL_GPIO_SetPinMode	1
../Drivers/STM32C0xx_HAL_Driver/Inc/stm32c0xx_ll_gpio.h:806:26:LL_GPIO_IsInputPinSet	2
../Drivers/STM32C0xx_HAL_Driver/Inc/stm32c0xx_ll_gpio.h:887:22:LL_GPIO_SetOutputPin	1
../Drivers/STM32C0xx_HAL_Driver/Inc/stm32c0xx_ll_gpio.h:916:22:LL_GPIO_ResetOutputPin	1
../Drivers/STM32C0xx_HAL_Driver/Inc/stm32c0xx_ll_gpio.h:945:22:LL_GPIO_TogglePin	1
../Drivers/STM32C0xx_HAL_Driver/Inc/stm32c0xx_ll_exti.h:1121:26:LL_EXTI_IsActiveRisingFlag_0_31	2
../Drivers/STM32C0xx_HAL_Driver/Inc/stm32c0xx_ll_exti.h:1215:22:LL_EXTI_ClearRisingFlag_0_31	1
../Drivers/STM32C0xx_HAL_Driver/Inc/stm32c0xx_ll_bus.h:843:22:LL_IOP_GRP1_EnableClock	1
../Core/Src/main.c:60:6:LPS22HH_Init	1
../Core/Src/main.c:67:9:LPS22HH_ReadTemp	3
../Core/Src/main.c:87:6:LCD_Pulse_EN	4
../Core/Src/main.c:100:6:LCD_Send_Nibble	5
../Core/Src/main.c:118:6:LCD_WaitBusy	7
../Core/Src/main.c:157:6:LCD_Send_Byte	2
../Core/Src/main.c:169:6:LCD_Init	1
../Core/Src/main.c:188:6:LCD_Print	2
../Core/Src/main.c:193:6:LCD_Set_Cursor	2
../Core/Src/main.c:205:5:main	1
../Core/Src/main.c:311:6:SystemClock_Config	3
../Core/Src/main.c:348:13:MX_I2C1_Init	4
../Core/Src/main.c:396:13:MX_USART2_UART_Init	2
../Core/Src/main.c:432:13:MX_GPIO_Init	1
../Core/Src/main.c:555:6:EXTI4_15_IRQHandler	3
../Core/Src/main.c:589:6:Error_Handler	1
