../Drivers/CMSIS/Include/core_cm0plus.h:741:22:__NVIC_EnableIRQ	16	static,ignoring_inline_asm
../Drivers/CMSIS/Include/core_cm0plus.h:850:22:__NVIC_SetPriority	24	static
../Drivers/STM32C0xx_HAL_Driver/Inc/stm32c0xx_ll_gpio.h:282:22:LL_GPIO_SetPinMode	24	static
../Drivers/STM32C0xx_HAL_Driver/Inc/stm32c0xx_ll_gpio.h:806:26:LL_GPIO_IsInputPinSet	16	static
../Drivers/STM32C0xx_HAL_Driver/Inc/stm32c0xx_ll_gpio.h:887:22:LL_GPIO_SetOutputPin	16	static
../Drivers/STM32C0xx_HAL_Driver/Inc/stm32c0xx_ll_gpio.h:916:22:LL_GPIO_ResetOutputPin	16	static
../Drivers/STM32C0xx_HAL_Driver/Inc/stm32c0xx_ll_gpio.h:945:22:LL_GPIO_TogglePin	24	static
../Drivers/STM32C0xx_HAL_Driver/Inc/stm32c0xx_ll_exti.h:1121:26:LL_EXTI_IsActiveRisingFlag_0_31	16	static
../Drivers/STM32C0xx_HAL_Driver/Inc/stm32c0xx_ll_exti.h:1215:22:LL_EXTI_ClearRisingFlag_0_31	16	static
../Drivers/STM32C0xx_HAL_Driver/Inc/stm32c0xx_ll_bus.h:843:22:LL_IOP_GRP1_EnableClock	24	static
../Core/Src/main.c:53:6:LCD_Pulse_EN	24	static
../Core/Src/main.c:66:6:LCD_Send_Nibble	16	static
../Core/Src/main.c:84:6:LCD_WaitBusy	32	static
../Core/Src/main.c:123:6:LCD_Send_Byte	16	static
../Core/Src/main.c:137:6:LCD_Init	8	static
../Core/Src/main.c:156:6:LCD_Print	16	static
../Core/Src/main.c:161:6:LCD_Set_Cursor	24	static
../Core/Src/main.c:173:5:main	88	static
../Core/Src/main.c:249:6:SystemClock_Config	64	static
../Core/Src/main.c:286:13:MX_USART2_UART_Init	8	static
../Core/Src/main.c:322:13:MX_GPIO_Init	32	static
../Core/Src/main.c:445:6:EXTI4_15_IRQHandler	16	static
../Core/Src/main.c:479:6:Error_Handler	8	static,ignoring_inline_asm
