Archive member included to satisfy reference by file (symbol)

C:/ST/STM32CubeIDE_2.1.0/STM32CubeIDE/plugins/com.st.stm32cube.ide.mcu.externaltools.gnu-tools-for-stm32.14.3.rel1.win32_1.0.100.202602081740/tools/bin/../lib/gcc/arm-none-eabi/14.3.1/../../../../arm-none-eabi/lib/thumb/v6-m/nofp\libc_nano.a(libc_a-exit.o)
                              C:/ST/STM32CubeIDE_2.1.0/STM32CubeIDE/plugins/com.st.stm32cube.ide.mcu.externaltools.gnu-tools-for-stm32.14.3.rel1.win32_1.0.100.202602081740/tools/bin/../lib/gcc/arm-none-eabi/14.3.1/../../../../arm-none-eabi/lib/thumb/v6-m/nofp/crt0.o (exit)
C:/ST/STM32CubeIDE_2.1.0/STM32CubeIDE/plugins/com.st.stm32cube.ide.mcu.externaltools.gnu-tools-for-stm32.14.3.rel1.win32_1.0.100.202602081740/tools/bin/../lib/gcc/arm-none-eabi/14.3.1/../../../../arm-none-eabi/lib/thumb/v6-m/nofp\libc_nano.a(libc_a-findfp.o)
                              C:/ST/STM32CubeIDE_2.1.0/STM32CubeIDE/plugins/com.st.stm32cube.ide.mcu.externaltools.gnu-tools-for-stm32.14.3.rel1.win32_1.0.100.202602081740/tools/bin/../lib/gcc/arm-none-eabi/14.3.1/../../../../arm-none-eabi/lib/thumb/v6-m/nofp\libc_nano.a(libc_a-exit.o) (__stdio_exit_handler)
C:/ST/STM32CubeIDE_2.1.0/STM32CubeIDE/plugins/com.st.stm32cube.ide.mcu.externaltools.gnu-tools-for-stm32.14.3.rel1.win32_1.0.100.202602081740/tools/bin/../lib/gcc/arm-none-eabi/14.3.1/../../../../arm-none-eabi/lib/thumb/v6-m/nofp\libc_nano.a(libc_a-fwalk.o)
                              C:/ST/STM32CubeIDE_2.1.0/STM32CubeIDE/plugins/com.st.stm32cube.ide.mcu.externaltools.gnu-tools-for-stm32.14.3.rel1.win32_1.0.100.202602081740/tools/bin/../lib/gcc/arm-none-eabi/14.3.1/../../../../arm-none-eabi/lib/thumb/v6-m/nofp\libc_nano.a(libc_a-findfp.o) (_fwalk_sglue)
C:/ST/STM32CubeIDE_2.1.0/STM32CubeIDE/plugins/com.st.stm32cube.ide.mcu.externaltools.gnu-tools-for-stm32.14.3.rel1.win32_1.0.100.202602081740/tools/bin/../lib/gcc/arm-none-eabi/14.3.1/../../../../arm-none-eabi/lib/thumb/v6-m/nofp\libc_nano.a(libc_a-stdio.o)
                              C:/ST/STM32CubeIDE_2.1.0/STM32CubeIDE/plugins/com.st.stm32cube.ide.mcu.externaltools.gnu-tools-for-stm32.14.3.rel1.win32_1.0.100.202602081740/tools/bin/../lib/gcc/arm-none-eabi/14.3.1/../../../../arm-none-eabi/lib/thumb/v6-m/nofp\libc_nano.a(libc_a-findfp.o) (__sread)
C:/ST/STM32CubeIDE_2.1.0/STM32CubeIDE/plugins/com.st.stm32cube.ide.mcu.externaltools.gnu-tools-for-stm32.14.3.rel1.win32_1.0.100.202602081740/tools/bin/../lib/gcc/arm-none-eabi/14.3.1/../../../../arm-none-eabi/lib/thumb/v6-m/nofp\libc_nano.a(libc_a-memset.o)
                              C:/ST/STM32CubeIDE_2.1.0/STM32CubeIDE/plugins/com.st.stm32cube.ide.mcu.externaltools.gnu-tools-for-stm32.14.3.rel1.win32_1.0.100.202602081740/tools/bin/../lib/gcc/arm-none-eabi/14.3.1/../../../../arm-none-eabi/lib/thumb/v6-m/nofp/crt0.o (memset)
C:/ST/STM32CubeIDE_2.1.0/STM32CubeIDE/plugins/com.st.stm32cube.ide.mcu.externaltools.gnu-tools-for-stm32.14.3.rel1.win32_1.0.100.202602081740/tools/bin/../lib/gcc/arm-none-eabi/14.3.1/../../../../arm-none-eabi/lib/thumb/v6-m/nofp\libc_nano.a(libc_a-closer.o)
                              C:/ST/STM32CubeIDE_2.1.0/STM32CubeIDE/plugins/com.st.stm32cube.ide.mcu.externaltools.gnu-tools-for-stm32.14.3.rel1.win32_1.0.100.202602081740/tools/bin/../lib/gcc/arm-none-eabi/14.3.1/../../../../arm-none-eabi/lib/thumb/v6-m/nofp\libc_nano.a(libc_a-stdio.o) (_close_r)
C:/ST/STM32CubeIDE_2.1.0/STM32CubeIDE/plugins/com.st.stm32cube.ide.mcu.externaltools.gnu-tools-for-stm32.14.3.rel1.win32_1.0.100.202602081740/tools/bin/../lib/gcc/arm-none-eabi/14.3.1/../../../../arm-none-eabi/lib/thumb/v6-m/nofp\libc_nano.a(libc_a-reent.o)
                              C:/ST/STM32CubeIDE_2.1.0/STM32CubeIDE/plugins/com.st.stm32cube.ide.mcu.externaltools.gnu-tools-for-stm32.14.3.rel1.win32_1.0.100.202602081740/tools/bin/../lib/gcc/arm-none-eabi/14.3.1/../../../../arm-none-eabi/lib/thumb/v6-m/nofp\libc_nano.a(libc_a-closer.o) (errno)
C:/ST/STM32CubeIDE_2.1.0/STM32CubeIDE/plugins/com.st.stm32cube.ide.mcu.externaltools.gnu-tools-for-stm32.14.3.rel1.win32_1.0.100.202602081740/tools/bin/../lib/gcc/arm-none-eabi/14.3.1/../../../../arm-none-eabi/lib/thumb/v6-m/nofp\libc_nano.a(libc_a-impure.o)
                              C:/ST/STM32CubeIDE_2.1.0/STM32CubeIDE/plugins/com.st.stm32cube.ide.mcu.externaltools.gnu-tools-for-stm32.14.3.rel1.win32_1.0.100.202602081740/tools/bin/../lib/gcc/arm-none-eabi/14.3.1/../../../../arm-none-eabi/lib/thumb/v6-m/nofp\libc_nano.a(libc_a-reent.o) (_impure_ptr)
C:/ST/STM32CubeIDE_2.1.0/STM32CubeIDE/plugins/com.st.stm32cube.ide.mcu.externaltools.gnu-tools-for-stm32.14.3.rel1.win32_1.0.100.202602081740/tools/bin/../lib/gcc/arm-none-eabi/14.3.1/../../../../arm-none-eabi/lib/thumb/v6-m/nofp\libc_nano.a(libc_a-lseekr.o)
[...]
Memory Configuration

Name             Origin             Length             Attributes
RAM              0x20000000         0x00003000         xrw
FLASH            0x08000000         0x00008000         xr
*default*        0x00000000         0xffffffff

Linker script and memory map

LOAD C:/ST/STM32CubeIDE_2.1.0/STM32CubeIDE/plugins/com.st.stm32cube.ide.mcu.externaltools.gnu-tools-for-stm32.14.3.rel1.win32_1.0.100.202602081740/tools/bin/../lib/gcc/arm-none-eabi/14.3.1/thumb/v6-m/nofp/crti.o
LOAD C:/ST/STM32CubeIDE_2.1.0/STM32CubeIDE/plugins/com.st.stm32cube.ide.mcu.externaltools.gnu-tools-for-stm32.14.3.rel1.win32_1.0.100.202602081740/tools/bin/../lib/gcc/arm-none-eabi/14.3.1/thumb/v6-m/nofp/crtbegin.o
LOAD C:/ST/STM32CubeIDE_2.1.0/STM32CubeIDE/plugins/com.st.stm32cube.ide.mcu.externaltools.gnu-tools-for-stm32.14.3.rel1.win32_1.0.100.202602081740/tools/bin/../lib/gcc/arm-none-eabi/14.3.1/../../../../arm-none-eabi/lib/thumb/v6-m/nofp/crt0.o
LOAD ./Core/Src/main.o
LOAD ./Core/Src/stm32c0xx_hal_msp.o
LOAD ./Core/Src/stm32c0xx_it.o
LOAD ./Core/Src/syscalls.o
LOAD ./Core/Src/sysmem.o
LOAD ./Core/Src/system_stm32c0xx.o
LOAD ./Core/Startup/startup_stm32c031c6tx.o
LOAD ./Drivers/STM32C0xx_HAL_Driver/Src/stm32c0xx_hal.o
LOAD ./Drivers/STM32C0xx_HAL_Driver/Src/stm32c0xx_hal_adc.o
LOAD ./Drivers/STM32C0xx_HAL_Driver/Src/stm32c0xx_hal_adc_ex.o
LOAD ./Drivers/STM32C0xx_HAL_Driver/Src/stm32c0xx_hal_cortex.o
LOAD ./Drivers/STM32C0xx_HAL_Driver/Src/stm32c0xx_hal_dma.o
LOAD ./Drivers/STM32C0xx_HAL_Driver/Src/stm32c0xx_hal_dma_ex.o
LOAD ./Drivers/STM32C0xx_HAL_Driver/Src/stm32c0xx_hal_exti.o
LOAD ./Drivers/STM32C0xx_HAL_Driver/Src/stm32c0xx_hal_flash.o
LOAD ./Drivers/STM32C0xx_HAL_Driver/Src/stm32c0xx_hal_flash_ex.o
LOAD ./Drivers/STM32C0xx_HAL_Driver/Src/stm32c0xx_hal_gpio.o
LOAD ./Drivers/STM32C0xx_HAL_Driver/Src/stm32c0xx_hal_pwr.o
LOAD ./Drivers/STM32C0xx_HAL_Driver/Src/stm32c0xx_hal_pwr_ex.o
LOAD ./Drivers/STM32C0xx_HAL_Driver/Src/stm32c0xx_hal_rcc.o
LOAD ./Drivers/STM32C0xx_HAL_Driver/Src/stm32c0xx_hal_rcc_ex.o
LOAD ./Drivers/STM32C0xx_HAL_Driver/Src/stm32c0xx_hal_tim.o
LOAD ./Drivers/STM32C0xx_HAL_Driver/Src/stm32c0xx_hal_tim_ex.o
LOAD ./Drivers/STM32C0xx_HAL_Driver/Src/stm32c0xx_hal_uart.o
LOAD ./Drivers/STM32C0xx_HAL_Driver/Src/stm32c0xx_hal_uart_ex.o
START GROUP
LOAD C:/ST/STM32CubeIDE_2.1.0/STM32CubeIDE/plugins/com.st.stm32cube.ide.mcu.externaltools.gnu-tools-for-stm32.14.3.rel1.win32_1.0.100.202602081740/tools/bin/../lib/gcc/arm-none-eabi/14.3.1/../../../../arm-none-eabi/lib/thumb/v6-m/nofp\libc_nano.a
LOAD C:/ST/STM32CubeIDE_2.1.0/STM32CubeIDE/plugins/com.st.stm32cube.ide.mcu.externaltools.gnu-tools-for-stm32.14.3.rel1.win32_1.0.100.202602081740/tools/bin/../lib/gcc/arm-none-eabi/14.3.1/../../../../arm-none-eabi/lib/thumb/v6-m/nofp\libm.a
END GROUP
START GROUP
LOAD C:/ST/STM32CubeIDE_2.1.0/STM32CubeIDE/plugins/com.st.stm32cube.ide.mcu.externaltools.gnu-tools-for-stm32.14.3.rel1.win32_1.0.100.202602081740/tools/bin/../lib/gcc/arm-none-eabi/14.3.1/thumb/v6-m/nofp\libgcc.a
LOAD C:/ST/STM32CubeIDE_2.1.0/STM32CubeIDE/plugins/com.st.stm32cube.ide.mcu.externaltools.gnu-tools-for-stm32.14.3.rel1.win32_1.0.100.202602081740/tools/bin/../lib/gcc/arm-none-eabi/14.3.1/../../../../arm-none-eabi/lib/thumb/v6-m/nofp\libc_nano.a
END GROUP
START GROUP
LOAD C:/ST/STM32CubeIDE_2.1.0/STM32CubeIDE/plugins/com.st.stm32cube.ide.mcu.externaltools.gnu-tools-for-stm32.14.3.rel1.win32_1.0.100.202602081740/tools/bin/../lib/gcc/arm-none-eabi/14.3.1/thumb/v6-m/nofp\libgcc.a
LOAD C:/ST/STM32CubeIDE_2.1.0/STM32CubeIDE/plugins/com.st.stm32cube.ide.mcu.externaltools.gnu-tools-for-stm32.14.3.rel1.win32_1.0.100.202602081740/tools/bin/../lib/gcc/arm-none-eabi/14.3.1/../../../../arm-none-eabi/lib/thumb/v6-m/nofp\libc_nano.a
LOAD C:/ST/STM32CubeIDE_2.1.0/STM32CubeIDE/plugins/com.st.stm32cube.ide.mcu.externaltools.gnu-tools-for-stm32.14.3.rel1.win32_1.0.100.202602081740/tools/bin/../lib/gcc/arm-none-eabi/14.3.1/../../../../arm-none-eabi/lib/thumb/v6-m/nofp\libnosys.a
END GROUP
START GROUP
LOAD C:/ST/STM32CubeIDE_2.1.0/STM32CubeIDE/plugins/com.st.stm32cube.ide.mcu.externaltools.gnu-tools-for-stm32.14.3.rel1.win32_1.0.100.202602081740/tools/bin/../lib/gcc/arm-none-eabi/14.3.1/thumb/v6-m/nofp\libgcc.a
LOAD C:/ST/STM32CubeIDE_2.1.0/STM32CubeIDE/plugins/com.st.stm32cube.ide.mcu.externaltools.gnu-tools-for-stm32.14.3.rel1.win32_1.0.100.202602081740/tools/bin/../lib/gcc/arm-none-eabi/14.3.1/../../../../arm-none-eabi/lib/thumb/v6-m/nofp\libc_nano.a
LOAD C:/ST/STM32CubeIDE_2.1.0/STM32CubeIDE/plugins/com.st.stm32cube.ide.mcu.externaltools.gnu-tools-for-stm32.14.3.rel1.win32_1.0.100.202602081740/tools/bin/../lib/gcc/arm-none-eabi/14.3.1/../../../../arm-none-eabi/lib/thumb/v6-m/nofp\libnosys.a
END GROUP
LOAD C:/ST/STM32CubeIDE_2.1.0/STM32CubeIDE/plugins/com.st.stm32cube.ide.mcu.externaltools.gnu-tools-for-stm32.14.3.rel1.win32_1.0.100.202602081740/tools/bin/../lib/gcc/arm-none-eabi/14.3.1/thumb/v6-m/nofp/crtend.o
LOAD C:/ST/STM32CubeIDE_2.1.0/STM32CubeIDE/plugins/com.st.stm32cube.ide.mcu.externaltools.gnu-tools-for-stm32.14.3.rel1.win32_1.0.100.202602081740/tools/bin/../lib/gcc/arm-none-eabi/14.3.1/thumb/v6-m/nofp/crtn.o
                0x20003000                        _estack = (ORIGIN (RAM) + LENGTH (RAM))
                0x00000200                        _Min_Heap_Size = 0x200
                0x00000400                        _Min_Stack_Size = 0x400

.isr_vector     0x08000000       0xc0
                0x08000000                        . = ALIGN (0x4)
 *(.isr_vector)
 .isr_vector    0x08000000       0xc0 ./Core/Startup/startup_stm32c031c6tx.o
                0x08000000                g_pfnVectors
                0x080000c0                        . = ALIGN (0x4)

.text           0x080000c0     0x51b8
                0x080000c0                        . = ALIGN (0x4)
 *(.text)
 .text          0x080000c0       0x48 C:/ST/STM32CubeIDE_2.1.0/STM32CubeIDE/plugins/com.st.stm32cube.ide.mcu.externaltools.gnu-tools-for-stm32.14.3.rel1.win32_1.0.100.202602081740/tools/bin/../lib/gcc/arm-none-eabi/14.3.1/thumb/v6-m/nofp/crtbegin.o
 .text          0x08000108      0x114 C:/ST/STM32CubeIDE_2.1.0/STM32CubeIDE/plugins/com.st.stm32cube.ide.mcu.externaltools.gnu-tools-for-stm32.14.3.rel1.win32_1.0.100.202602081740/tools/bin/../lib/gcc/arm-none-eabi/14.3.1/thumb/v6-m/nofp\libgcc.a(_udivsi3.o)
                0x08000108                __aeabi_uidiv
                0x08000108                __udivsi3
                0x08000214                __aeabi_uidivmod
 .text          0x0800021c        0x4 C:/ST/STM32CubeIDE_2.1.0/STM32CubeIDE/plugins/com.st.stm32cube.ide.mcu.externaltools.gnu-tools-for-stm32.14.3.rel1.win32_1.0.100.202602081740/tools/bin/../lib/gcc/arm-none-eabi/14.3.1/thumb/v6-m/nofp\libgcc.a(_dvmd_tls.o)
                0x0800021c                __aeabi_idiv0
                0x0800021c                __aeabi_ldiv0
 *(.text*)
 .text.HAL_ADC_ConvHalfCpltCallback
                0x08000220       0x1c ./Core/Src/main.o
                0x08000220                HAL_ADC_ConvHalfCpltCallback
 .text.HAL_ADC_ConvCpltCallback
                0x0800023c       0x1c ./Core/Src/main.o
                0x0800023c                HAL_ADC_ConvCpltCallback
 .text.main     0x08000258       0xb8 ./Core/Src/main.o
                0x08000258                main
 .text.SystemClock_Config
                0x08000310       0x90 ./Core/Src/main.o
                0x08000310                SystemClock_Config
 .text.MX_ADC1_Init
                0x080003a0       0xc8 ./Core/Src/main.o
 .text.MX_TIM3_Init
                0x08000468      0x100 ./Core/Src/main.o
 .text.MX_USART2_UART_Init
                0x08000568       0x68 ./Core/Src/main.o
 .text.MX_DMA_Init
                0x080005d0       0x4c ./Core/Src/main.o
 .text.MX_GPIO_Init
                0x0800061c       0xec ./Core/Src/main.o
 .text.Error_Handler
                0x08000708        0xc ./Core/Src/main.o
                0x08000708                Error_Handler
 .text.HAL_MspInit
                0x08000714       0x48 ./Core/Src/stm32c0xx_hal_msp.o
                0x08000714                HAL_MspInit
 .text.HAL_ADC_MspInit
                0x0800075c      0x124 ./Core/Src/stm32c0xx_hal_msp.o
                0x0800075c                HAL_ADC_MspInit
 .text.HAL_TIM_Base_MspInit
                0x08000880       0x3c ./Core/Src/stm32c0xx_hal_msp.o
                0x08000880                HAL_TIM_Base_MspInit
 .text.HAL_TIM_MspPostInit
                0x080008bc       0x78 ./Core/Src/stm32c0xx_hal_msp.o
                0x080008bc                HAL_TIM_MspPostInit
 .text.HAL_UART_MspInit
                0x08000934      0x100 ./Core/Src/stm32c0xx_hal_msp.o
                0x08000934                HAL_UART_MspInit
 .text.NMI_Handler
                0x08000a34        0x8 ./Core/Src/stm32c0xx_it.o
                0x08000a34                NMI_Handler
 .text.HardFault_Handler
                0x08000a3c        0x8 ./Core/Src/stm32c0xx_it.o
                0x08000a3c                HardFault_Handler
 .text.SVC_Handler
                0x08000a44        0xa ./Core/Src/stm32c0xx_it.o
                0x08000a44                SVC_Handler
 .text.PendSV_Handler
                0x08000a4e        0xa ./Core/Src/stm32c0xx_it.o
                0x08000a4e                PendSV_Handler
 .text.SysTick_Handler
                0x08000a58        0xe ./Core/Src/stm32c0xx_it.o
                0x08000a58                SysTick_Handler
 *fill*         0x08000a66        0x2 
 .text.DMA1_Channel1_IRQHandler
                0x08000a68       0x18 ./Core/Src/stm32c0xx_it.o
                0x08000a68                DMA1_Channel1_IRQHandler
 .text.DMA1_Channel2_3_IRQHandler
                0x08000a80       0x18 ./Core/Src/stm32c0xx_it.o
                0x08000a80                DMA1_Channel2_3_IRQHandler
 .text.ADC1_IRQHandler
                0x08000a98       0x18 ./Core/Src/stm32c0xx_it.o
                0x08000a98                ADC1_IRQHandler
 .text.USART2_IRQHandler
                0x08000ab0       0x18 ./Core/Src/stm32c0xx_it.o
                0x08000ab0                USART2_IRQHandler
 .text.SystemInit
                0x08000ac8       0x18 ./Core/Src/system_stm32c0xx.o
                0x08000ac8                SystemInit
 .text.Reset_Handler
                0x08000ae0       0x50 ./Core/Startup/startup_stm32c031c6tx.o
                0x08000ae0                Reset_Handler
 .text.Default_Handler
                0x08000b30        0x2 ./Core/Startup/startup_stm32c031c6tx.o
                0x08000b30                TIM1_CC_IRQHandler
                0x08000b30                I2C1_IRQHandler
                0x08000b30                DMAMUX1_IRQHandler
                0x08000b30                SPI1_IRQHandler
                0x08000b30                EXTI2_3_IRQHandler
                0x08000b30                TIM17_IRQHandler
                0x08000b30                RTC_IRQHandler
                0x08000b30                TIM16_IRQHandler
                0x08000b30                TIM3_IRQHandler
                0x08000b30                EXTI4_15_IRQHandler
                0x08000b30                RCC_IRQHandler
                0x08000b30                Default_Handler
                0x08000b30                TIM14_IRQHandler
                0x08000b30                EXTI0_1_IRQHandler
                0x08000b30                WWDG_IRQHandler
                0x08000b30                FLASH_IRQHandler
                0x08000b30                USART1_IRQHandler
                0x08000b30                TIM1_BRK_UP_TRG_COM_IRQHandler
 .text.HAL_Init
                0x08000b32       0x2e ./Drivers/STM32C0xx_HAL_Driver/Src/stm32c0xx_hal.o
                0x08000b32                HAL_Init
 .text.HAL_InitTick
                0x08000b60       0x94 ./Drivers/STM32C0xx_HAL_Driver/Src/stm32c0xx_hal.o
                0x08000b60                HAL_InitTick
 .text.HAL_IncTick
                0x08000bf4       0x24 ./Drivers/STM32C0xx_HAL_Driver/Src/stm32c0xx_hal.o
                0x08000bf4                HAL_IncTick
 .text.HAL_GetTick
                0x08000c18       0x14 ./Drivers/STM32C0xx_HAL_Driver/Src/stm32c0xx_hal.o
                0x08000c18                HAL_GetTick
 .text.LL_ADC_SetCommonPathInternalCh
                0x08000c2c       0x28 ./Drivers/STM32C0xx_HAL_Driver/Src/stm32c0xx_hal_adc.o
 .text.LL_ADC_GetCommonPathInternalCh
                0x08000c54       0x1a ./Drivers/STM32C0xx_HAL_Driver/Src/stm32c0xx_hal_adc.o
 .text.LL_ADC_SetSamplingTimeCommonChannels
                0x08000c6e       0x3a ./Drivers/STM32C0xx_HAL_Driver/Src/stm32c0xx_hal_adc.o
 .text.LL_ADC_GetSamplingTimeCommonChannels
                0x08000ca8       0x2e ./Drivers/STM32C0xx_HAL_Driver/Src/stm32c0xx_hal_adc.o
 .text.LL_ADC_REG_IsTriggerSourceSWStart
                0x08000cd6       0x22 ./Drivers/STM32C0xx_HAL_Driver/Src/stm32c0xx_hal_adc.o
 .text.LL_ADC_REG_SetSequencerRanks
                0x08000cf8       0x40 ./Drivers/STM32C0xx_HAL_Driver/Src/stm32c0xx_hal_adc.o
 .text.LL_ADC_REG_SetSequencerChAdd
                0x08000d38       0x22 ./Drivers/STM32C0xx_HAL_Driver/Src/stm32c0xx_hal_adc.o
 .text.LL_ADC_REG_SetSequencerChRem
                0x08000d5a       0x24 ./Drivers/STM32C0xx_HAL_Driver/Src/stm32c0xx_hal_adc.o
 .text.LL_ADC_REG_GetDMATransfer
                0x08000d7e       0x18 ./Drivers/STM32C0xx_HAL_Driver/Src/stm32c0xx_hal_adc.o
 *fill*         0x08000d96        0x2 
 .text.LL_ADC_SetChannelSamplingTime
                0x08000d98       0x38 ./Drivers/STM32C0xx_HAL_Driver/Src/stm32c0xx_hal_adc.o
 .text.LL_ADC_EnableInternalRegulator
                0x08000dd0       0x28 ./Drivers/STM32C0xx_HAL_Driver/Src/stm32c0xx_hal_adc.o
 .text.LL_ADC_IsInternalRegulatorEnabled
                0x08000df8       0x28 ./Drivers/STM32C0xx_HAL_Driver/Src/stm32c0xx_hal_adc.o
 .text.LL_ADC_Enable
                0x08000e20       0x24 ./Drivers/STM32C0xx_HAL_Driver/Src/stm32c0xx_hal_adc.o
 .text.LL_ADC_Disable
                0x08000e44       0x24 ./Drivers/STM32C0xx_HAL_Driver/Src/stm32c0xx_hal_adc.o
 .text.LL_ADC_IsEnabled
                0x08000e68       0x22 ./Drivers/STM32C0xx_HAL_Driver/Src/stm32c0xx_hal_adc.o
 *fill*         0x08000e8a        0x2 
 .text.LL_ADC_REG_StartConversion
                0x08000e8c       0x24 ./Drivers/STM32C0xx_HAL_Driver/Src/stm32c0xx_hal_adc.o
 .text.LL_ADC_REG_IsConversionOngoing
                0x08000eb0       0x22 ./Drivers/STM32C0xx_HAL_Driver/Src/stm32c0xx_hal_adc.o
 *fill*         0x08000ed2        0x2 
 .text.HAL_ADC_Init
                0x08000ed4      0x34c ./Drivers/STM32C0xx_HAL_Driver/Src/stm32c0xx_hal_adc.o
                0x08000ed4                HAL_ADC_Init
 .text.HAL_ADC_Start_DMA
                0x08001220      0x11c ./Drivers/STM32C0xx_HAL_Driver/Src/stm32c0xx_hal_adc.o
                0x08001220                HAL_ADC_Start_DMA
 .text.HAL_ADC_IRQHandler
                0x0800133c      0x294 ./Drivers/STM32C0xx_HAL_Driver/Src/stm32c0xx_hal_adc.o
                0x0800133c                HAL_ADC_IRQHandler
 .text.HAL_ADC_LevelOutOfWindowCallback
                0x080015d0       0x10 ./Drivers/STM32C0xx_HAL_Driver/Src/stm32c0xx_hal_adc.o
                0x080015d0                HAL_ADC_LevelOutOfWindowCallback
 .text.HAL_ADC_ErrorCallback
                0x080015e0       0x10 ./Drivers/STM32C0xx_HAL_Driver/Src/stm32c0xx_hal_adc.o
                0x080015e0                HAL_ADC_ErrorCallback
 .text.HAL_ADC_CalibrationCpltCallback
                0x080015f0       0x10 ./Drivers/STM32C0xx_HAL_Driver/Src/stm32c0xx_hal_adc.o
                0x080015f0                HAL_ADC_CalibrationCpltCallback
 .text.HAL_ADC_ADCReadyCallback
                0x08001600       0x10 ./Drivers/STM32C0xx_HAL_Driver/Src/stm32c0xx_hal_adc.o
                0x08001600                HAL_ADC_ADCReadyCallback
 .text.HAL_ADC_ConfigChannel
                0x08001610      0x3ac ./Drivers/STM32C0xx_HAL_Driver/Src/stm32c0xx_hal_adc.o
                0x08001610                HAL_ADC_ConfigChannel
 .text.ADC_Enable
                0x080019bc       0xfc ./Drivers/STM32C0xx_HAL_Driver/Src/stm32c0xx_hal_adc.o
                0x080019bc                ADC_Enable
 .text.ADC_DMAConvCplt
                0x08001ab8       0xc8 ./Drivers/STM32C0xx_HAL_Driver/Src/stm32c0xx_hal_adc.o
 .text.ADC_DMAHalfConvCplt
                0x08001b80       0x1e ./Drivers/STM32C0xx_HAL_Driver/Src/stm32c0xx_hal_adc.o
 .text.ADC_DMAError
                0x08001b9e       0x36 ./Drivers/STM32C0xx_HAL_Driver/Src/stm32c0xx_hal_adc.o
 .text.HAL_ADCEx_LevelOutOfWindow2Callback
                0x08001bd4       0x10 ./Drivers/STM32C0xx_HAL_Driver/Src/stm32c0xx_hal_adc_ex.o
                0x08001bd4                HAL_ADCEx_LevelOutOfWindow2Callback
 .text.HAL_ADCEx_LevelOutOfWindow3Callback
                0x08001be4       0x10 ./Drivers/STM32C0xx_HAL_Driver/Src/stm32c0xx_hal_adc_ex.o
                0x08001be4                HAL_ADCEx_LevelOutOfWindow3Callback
 .text.HAL_ADCEx_EndOfSamplingCallback
                0x08001bf4       0x10 ./Drivers/STM32C0xx_HAL_Driver/Src/stm32c0xx_hal_adc_ex.o
                0x08001bf4                HAL_ADCEx_EndOfSamplingCallback
 .text.HAL_ADCEx_ChannelConfigReadyCallback
                0x08001c04       0x10 ./Drivers/STM32C0xx_HAL_Driver/Src/stm32c0xx_hal_adc_ex.o
                0x08001c04                HAL_ADCEx_ChannelConfigReadyCallback
 .text.__NVIC_EnableIRQ
                0x08001c14       0x34 ./Drivers/STM32C0xx_HAL_Driver/Src/stm32c0xx_hal_cortex.o
 .text.__NVIC_SetPriority
                0x08001c48       0xdc ./Drivers/STM32C0xx_HAL_Driver/Src/stm32c0xx_hal_cortex.o
 .text.SysTick_Config
                0x08001d24       0x48 ./Drivers/STM32C0xx_HAL_Driver/Src/stm32c0xx_hal_cortex.o
 .text.HAL_NVIC_SetPriority
                0x08001d6c       0x2a ./Drivers/STM32C0xx_HAL_Driver/Src/stm32c0xx_hal_cortex.o
                0x08001d6c                HAL_NVIC_SetPriority
 .text.HAL_NVIC_EnableIRQ
                0x08001d96       0x20 ./Drivers/STM32C0xx_HAL_Driver/Src/stm32c0xx_hal_cortex.o
                0x08001d96                HAL_NVIC_EnableIRQ
 .text.HAL_SYSTICK_Config
                0x08001db6       0x1a ./Drivers/STM32C0xx_HAL_Driver/Src/stm32c0xx_hal_cortex.o
                0x08001db6                HAL_SYSTICK_Config
 .text.HAL_DMA_Init
                0x08001dd0      0x114 ./Drivers/STM32C0xx_HAL_Driver/Src/stm32c0xx_hal_dma.o
                0x08001dd0                HAL_DMA_Init
 .text.HAL_DMA_Start_IT
                0x08001ee4      0x10e ./Drivers/STM32C0xx_HAL_Driver/Src/stm32c0xx_hal_dma.o
                0x08001ee4                HAL_DMA_Start_IT
 *fill*         0x08001ff2        0x2 
 .text.HAL_DMA_Abort
                0x08001ff4       0xc4 ./Drivers/STM32C0xx_HAL_Driver/Src/stm32c0xx_hal_dma.o
                0x08001ff4                HAL_DMA_Abort
 .text.HAL_DMA_Abort_IT
                0x080020b8       0xf4 ./Drivers/STM32C0xx_HAL_Driver/Src/stm32c0xx_hal_dma.o
                0x080020b8                HAL_DMA_Abort_IT
 .text.HAL_DMA_IRQHandler
                0x080021ac      0x164 ./Drivers/STM32C0xx_HAL_Driver/Src/stm32c0xx_hal_dma.o
                0x080021ac                HAL_DMA_IRQHandler
 .text.DMA_SetConfig
                0x08002310       0x80 ./Drivers/STM32C0xx_HAL_Driver/Src/stm32c0xx_hal_dma.o
 .text.DMA_CalcDMAMUXChannelBaseAndMask
                0x08002390       0x58 ./Drivers/STM32C0xx_HAL_Driver/Src/stm32c0xx_hal_dma.o
 .text.DMA_CalcDMAMUXRequestGenBaseAndMask
                0x080023e8       0x48 ./Drivers/STM32C0xx_HAL_Driver/Src/stm32c0xx_hal_dma.o
 .text.HAL_GPIO_Init
                0x08002430      0x2e4 ./Drivers/STM32C0xx_HAL_Driver/Src/stm32c0xx_hal_gpio.o
                0x08002430                HAL_GPIO_Init
 .text.HAL_GPIO_WritePin
                0x08002714       0x3a ./Drivers/STM32C0xx_HAL_Driver/Src/stm32c0xx_hal_gpio.o
                0x08002714                HAL_GPIO_WritePin
 *fill*         0x0800274e        0x2 
 .text.HAL_RCC_OscConfig
                0x08002750      0x3c8 ./Drivers/STM32C0xx_HAL_Driver/Src/stm32c0xx_hal_rcc.o
                0x08002750                HAL_RCC_OscConfig
 .text.HAL_RCC_ClockConfig
                0x08002b18      0x200 ./Drivers/STM32C0xx_HAL_Driver/Src/stm32c0xx_hal_rcc.o
                0x08002b18                HAL_RCC_ClockConfig
 .text.HAL_RCC_GetSysClockFreq
                0x08002d18       0x80 ./Drivers/STM32C0xx_HAL_Driver/Src/stm32c0xx_hal_rcc.o
                0x08002d18                HAL_RCC_GetSysClockFreq
 .text.HAL_RCC_GetHCLKFreq
                0x08002d98       0x3c ./Drivers/STM32C0xx_HAL_Driver/Src/stm32c0xx_hal_rcc.o
                0x08002d98                HAL_RCC_GetHCLKFreq
 .text.HAL_RCC_GetPCLK1Freq
                0x08002dd4       0x30 ./Drivers/STM32C0xx_HAL_Driver/Src/stm32c0xx_hal_rcc.o
                0x08002dd4                HAL_RCC_GetPCLK1Freq
 .text.HAL_RCCEx_PeriphCLKConfig
                0x08002e04      0x1d8 ./Drivers/STM32C0xx_HAL_Driver/Src/stm32c0xx_hal_rcc_ex.o
                0x08002e04                HAL_RCCEx_PeriphCLKConfig
 .text.HAL_TIM_Base_Init
                0x08002fdc       0xb0 ./Drivers/STM32C0xx_HAL_Driver/Src/stm32c0xx_hal_tim.o
                0x08002fdc                HAL_TIM_Base_Init
 .text.HAL_TIM_Base_Start
                0x0800308c       0x8c ./Drivers/STM32C0xx_HAL_Driver/Src/stm32c0xx_hal_tim.o
                0x0800308c                HAL_TIM_Base_Start
 .text.HAL_TIM_PWM_Init
                0x08003118       0xb0 ./Drivers/STM32C0xx_HAL_Driver/Src/stm32c0xx_hal_tim.o
                0x08003118                HAL_TIM_PWM_Init
 .text.HAL_TIM_PWM_MspInit
                0x080031c8       0x10 ./Drivers/STM32C0xx_HAL_Driver/Src/stm32c0xx_hal_tim.o
                0x080031c8                HAL_TIM_PWM_MspInit
 .text.HAL_TIM_PWM_Start
                0x080031d8      0x1b0 ./Drivers/STM32C0xx_HAL_Driver/Src/stm32c0xx_hal_tim.o
                0x080031d8                HAL_TIM_PWM_Start
 .text.HAL_TIM_PWM_ConfigChannel
                0x08003388      0x200 ./Drivers/STM32C0xx_HAL_Driver/Src/stm32c0xx_hal_tim.o
                0x08003388                HAL_TIM_PWM_ConfigChannel
 .text.HAL_TIM_ConfigClockSource
                0x08003588      0x1ac ./Drivers/STM32C0xx_HAL_Driver/Src/stm32c0xx_hal_tim.o
                0x08003588                HAL_TIM_ConfigClockSource
 .text.TIM_Base_SetConfig
                0x08003734       0xe4 ./Drivers/STM32C0xx_HAL_Driver/Src/stm32c0xx_hal_tim.o
                0x08003734                TIM_Base_SetConfig
 .text.TIM_OC1_SetConfig
                0x08003818      0x100 ./Drivers/STM32C0xx_HAL_Driver/Src/stm32c0xx_hal_tim.o
 .text.TIM_OC2_SetConfig
                0x08003918       0xfc ./Drivers/STM32C0xx_HAL_Driver/Src/stm32c0xx_hal_tim.o
                0x08003918                TIM_OC2_SetConfig
 .text.TIM_OC3_SetConfig
                0x08003a14      0x104 ./Drivers/STM32C0xx_HAL_Driver/Src/stm32c0xx_hal_tim.o
 .text.TIM_OC4_SetConfig
                0x08003b18       0xc8 ./Drivers/STM32C0xx_HAL_Driver/Src/stm32c0xx_hal_tim.o
 .text.TIM_OC5_SetConfig
                0x08003be0       0xb4 ./Drivers/STM32C0xx_HAL_Driver/Src/stm32c0xx_hal_tim.o
 .text.TIM_OC6_SetConfig
                0x08003c94       0xbc ./Drivers/STM32C0xx_HAL_Driver/Src/stm32c0xx_hal_tim.o
 .text.TIM_TI1_ConfigInputStage
                0x08003d50       0x5c ./Drivers/STM32C0xx_HAL_Driver/Src/stm32c0xx_hal_tim.o
 .text.TIM_TI2_ConfigInputStage
                0x08003dac       0x64 ./Drivers/STM32C0xx_HAL_Driver/Src/stm32c0xx_hal_tim.o
 .text.TIM_ITRx_SetConfig
                0x08003e10       0x38 ./Drivers/STM32C0xx_HAL_Driver/Src/stm32c0xx_hal_tim.o
 .text.TIM_ETR_SetConfig
                0x08003e48       0x40 ./Drivers/STM32C0xx_HAL_Driver/Src/stm32c0xx_hal_tim.o
                0x08003e48                TIM_ETR_SetConfig
 .text.TIM_CCxChannelCmd
                0x08003e88       0x46 ./Drivers/STM32C0xx_HAL_Driver/Src/stm32c0xx_hal_tim.o
                0x08003e88                TIM_CCxChannelCmd
 *fill*         0x08003ece        0x2 
 .text.HAL_TIMEx_MasterConfigSynchronization
                0x08003ed0       0xc4 ./Drivers/STM32C0xx_HAL_Driver/Src/stm32c0xx_hal_tim_ex.o
                0x08003ed0                HAL_TIMEx_MasterConfigSynchronization
 .text.HAL_UART_Init
                0x08003f94       0xac ./Drivers/STM32C0xx_HAL_Driver/Src/stm32c0xx_hal_uart.o
                0x08003f94                HAL_UART_Init
 .text.HAL_UART_Transmit_DMA
                0x08004040      0x124 ./Drivers/STM32C0xx_HAL_Driver/Src/stm32c0xx_hal_uart.o
                0x08004040                HAL_UART_Transmit_DMA
 .text.HAL_UART_IRQHandler
                0x08004164      0x68c ./Drivers/STM32C0xx_HAL_Driver/Src/stm32c0xx_hal_uart.o
                0x08004164                HAL_UART_IRQHandler
 .text.HAL_UART_TxCpltCallback
                0x080047f0       0x10 ./Drivers/STM32C0xx_HAL_Driver/Src/stm32c0xx_hal_uart.o
                0x080047f0                HAL_UART_TxCpltCallback
 .text.HAL_UART_TxHalfCpltCallback
                0x08004800       0x10 ./Drivers/STM32C0xx_HAL_Driver/Src/stm32c0xx_hal_uart.o
                0x08004800                HAL_UART_TxHalfCpltCallback
 .text.HAL_UART_ErrorCallback
                0x08004810       0x10 ./Drivers/STM32C0xx_HAL_Driver/Src/stm32c0xx_hal_uart.o
                0x08004810                HAL_UART_ErrorCallback
 .text.HAL_UARTEx_RxEventCallback
                0x08004820       0x16 ./Drivers/STM32C0xx_HAL_Driver/Src/stm32c0xx_hal_uart.o
                0x08004820                HAL_UARTEx_RxEventCallback
 *fill*         0x08004836        0x2 
 .text.UART_SetConfig
                0x08004838      0x2fc ./Drivers/STM32C0xx_HAL_Driver/Src/stm32c0xx_hal_uart.o
                0x08004838                UART_SetConfig
 .text.UART_AdvFeatureConfig
                0x08004b34      0x168 ./Drivers/STM32C0xx_HAL_Driver/Src/stm32c0xx_hal_uart.o
                0x08004b34                UART_AdvFeatureConfig
 .text.UART_CheckIdleState
                0x08004c9c      0x154 ./Drivers/STM32C0xx_HAL_Driver/Src/stm32c0xx_hal_uart.o
                0x08004c9c                UART_CheckIdleState
 .text.UART_WaitOnFlagUntilTimeout
                0x08004df0       0xde ./Drivers/STM32C0xx_HAL_Driver/Src/stm32c0xx_hal_uart.o
                0x08004df0                UART_WaitOnFlagUntilTimeout
 *fill*         0x08004ece        0x2 
 .text.UART_EndTxTransfer
                0x08004ed0       0x80 ./Drivers/STM32C0xx_HAL_Driver/Src/stm32c0xx_hal_uart.o
 .text.UART_EndRxTransfer
                0x08004f50       0xcc ./Drivers/STM32C0xx_HAL_Driver/Src/stm32c0xx_hal_uart.o
 .text.UART_DMATransmitCplt
                0x0800501c       0x98 ./Drivers/STM32C0xx_HAL_Driver/Src/stm32c0xx_hal_uart.o
 .text.UART_DMATxHalfCplt
                0x080050b4       0x1e ./Drivers/STM32C0xx_HAL_Driver/Src/stm32c0xx_hal_uart.o
 .text.UART_DMAError
                0x080050d2       0x86 ./Drivers/STM32C0xx_HAL_Driver/Src/stm32c0xx_hal_uart.o
 .text.UART_DMAAbortOnError
                0x08005158       0x26 ./Drivers/STM32C0xx_HAL_Driver/Src/stm32c0xx_hal_uart.o
 .text.UART_EndTransmit_IT
                0x0800517e       0x58 ./Drivers/STM32C0xx_HAL_Driver/Src/stm32c0xx_hal_uart.o
 .text.HAL_UARTEx_WakeupCallback
                0x080051d6       0x10 ./Drivers/STM32C0xx_HAL_Driver/Src/stm32c0xx_hal_uart_ex.o
                0x080051d6                HAL_UARTEx_WakeupCallback
 .text.HAL_UARTEx_RxFifoFullCallback
                0x080051e6       0x10 ./Drivers/STM32C0xx_HAL_Driver/Src/stm32c0xx_hal_uart_ex.o
                0x080051e6                HAL_UARTEx_RxFifoFullCallback
 .text.HAL_UARTEx_TxFifoEmptyCallback
                0x080051f6       0x10 ./Drivers/STM32C0xx_HAL_Driver/Src/stm32c0xx_hal_uart_ex.o
                0x080051f6                HAL_UARTEx_TxFifoEmptyCallback
 .text.memset   0x08005206       0x10 C:/ST/STM32CubeIDE_2.1.0/STM32CubeIDE/plugins/com.st.stm32cube.ide.mcu.externaltools.gnu-tools-for-stm32.14.3.rel1.win32_1.0.100.202602081740/tools/bin/../lib/gcc/arm-none-eabi/14.3.1/../../../../arm-none-eabi/lib/thumb/v6-m/nofp\libc_nano.a(libc_a-memset.o)
                0x08005206                memset
 *fill*         0x08005216        0x2 
 .text.__libc_init_array
                0x08005218       0x48 C:/ST/STM32CubeIDE_2.1.0/STM32CubeIDE/plugins/com.st.stm32cube.ide.mcu.externaltools.gnu-tools-for-stm32.14.3.rel1.win32_1.0.100.202602081740/tools/bin/../lib/gcc/arm-none-eabi/14.3.1/../../../../arm-none-eabi/lib/thumb/v6-m/nofp\libc_nano.a(libc_a-init.o)
                0x08005218                __libc_init_array
 *(.glue_7)
 .glue_7        0x08005260        0x0 linker stubs
 *(.glue_7t)
 .glue_7t       0x08005260        0x0 linker stubs
 *(.eh_frame)
 .eh_frame      0x08005260        0x0 C:/ST/STM32CubeIDE_2.1.0/STM32CubeIDE/plugins/com.st.stm32cube.ide.mcu.externaltools.gnu-tools-for-stm32.14.3.rel1.win32_1.0.100.202602081740/tools/bin/../lib/gcc/arm-none-eabi/14.3.1/thumb/v6-m/nofp/crtbegin.o
 *(.init)
 .init          0x08005260        0x4 C:/ST/STM32CubeIDE_2.1.0/STM32CubeIDE/plugins/com.st.stm32cube.ide.mcu.externaltools.gnu-tools-for-stm32.14.3.rel1.win32_1.0.100.202602081740/tools/bin/../lib/gcc/arm-none-eabi/14.3.1/thumb/v6-m/nofp/crti.o
                0x08005260                _init
 .init          0x08005264        0x8 C:/ST/STM32CubeIDE_2.1.0/STM32CubeIDE/plugins/com.st.stm32cube.ide.mcu.externaltools.gnu-tools-for-stm32.14.3.rel1.win32_1.0.100.202602081740/tools/bin/../lib/gcc/arm-none-eabi/14.3.1/thumb/v6-m/nofp/crtn.o
 *(.fini)
 .fini          0x0800526c        0x4 C:/ST/STM32CubeIDE_2.1.0/STM32CubeIDE/plugins/com.st.stm32cube.ide.mcu.externaltools.gnu-tools-for-stm32.14.3.rel1.win32_1.0.100.202602081740/tools/bin/../lib/gcc/arm-none-eabi/14.3.1/thumb/v6-m/nofp/crti.o
                0x0800526c                _fini
 .fini          0x08005270        0x8 C:/ST/STM32CubeIDE_2.1.0/STM32CubeIDE/plugins/com.st.stm32cube.ide.mcu.externaltools.gnu-tools-for-stm32.14.3.rel1.win32_1.0.100.202602081740/tools/bin/../lib/gcc/arm-none-eabi/14.3.1/thumb/v6-m/nofp/crtn.o
                0x08005278                        . = ALIGN (0x4)
                0x08005278                        _etext = .

.vfp11_veneer   0x08005278        0x0
 .vfp11_veneer  0x08005278        0x0 linker stubs

.v4_bx          0x08005278        0x0
 .v4_bx         0x08005278        0x0 linker stubs

.iplt           0x08005278        0x0
 .iplt          0x08005278        0x0 C:/ST/STM32CubeIDE_2.1.0/STM32CubeIDE/plugins/com.st.stm32cube.ide.mcu.externaltools.gnu-tools-for-stm32.14.3.rel1.win32_1.0.100.202602081740/tools/bin/../lib/gcc/arm-none-eabi/14.3.1/thumb/v6-m/nofp/crtbegin.o

.rodata         0x08005278       0xcc
                0x08005278                        . = ALIGN (0x4)
 *(.rodata)
 *(.rodata*)
 .rodata.AHBPrescTable
                0x08005278       0x40 ./Core/Src/system_stm32c0xx.o
                0x08005278                AHBPrescTable
 .rodata.APBPrescTable
                0x080052b8       0x20 ./Core/Src/system_stm32c0xx.o
                0x080052b8                APBPrescTable
 .rodata.HAL_TIM_PWM_ConfigChannel
                0x080052d8       0x54 ./Drivers/STM32C0xx_HAL_Driver/Src/stm32c0xx_hal_tim.o
 .rodata.UARTPrescTable
                0x0800532c       0x18 ./Drivers/STM32C0xx_HAL_Driver/Src/stm32c0xx_hal_uart.o
                0x0800532c                UARTPrescTable
                0x08005344                        . = ALIGN (0x4)

.ARM.extab      0x08005344        0x0
                0x08005344                        . = ALIGN (0x4)
 *(.ARM.extab* .gnu.linkonce.armextab.*)
                0x08005344                        . = ALIGN (0x4)

.ARM            0x08005344        0x0
                0x08005344                        . = ALIGN (0x4)
                0x08005344                        __exidx_start = .
 *(.ARM.exidx*)
                0x08005344                        __exidx_end = .
                0x08005344                        . = ALIGN (0x4)

.preinit_array  0x08005344        0x0
                0x08005344                        . = ALIGN (0x4)
                0x08005344                        PROVIDE (__preinit_array_start = .)
 *(.preinit_array*)
                0x08005344                        PROVIDE (__preinit_array_end = .)
                0x08005344                        . = ALIGN (0x4)

.init_array     0x08005344        0x4
                0x08005344                        . = ALIGN (0x4)
                0x08005344                        PROVIDE (__init_array_start = .)
 *(SORT_BY_NAME(.init_array.*))
 *(.init_array*)
 .init_array    0x08005344        0x4 C:/ST/STM32CubeIDE_2.1.0/STM32CubeIDE/plugins/com.st.stm32cube.ide.mcu.externaltools.gnu-tools-for-stm32.14.3.rel1.win32_1.0.100.202602081740/tools/bin/../lib/gcc/arm-none-eabi/14.3.1/thumb/v6-m/nofp/crtbegin.o
                0x08005348                        PROVIDE (__init_array_end = .)
                0x08005348                        . = ALIGN (0x4)

.fini_array     0x08005348        0x4
                0x08005348                        . = ALIGN (0x4)
                [!provide]                        PROVIDE (__fini_array_start = .)
 *(SORT_BY_NAME(.fini_array.*))
 *(.fini_array*)
 .fini_array    0x08005348        0x4 C:/ST/STM32CubeIDE_2.1.0/STM32CubeIDE/plugins/com.st.stm32cube.ide.mcu.externaltools.gnu-tools-for-stm32.14.3.rel1.win32_1.0.100.202602081740/tools/bin/../lib/gcc/arm-none-eabi/14.3.1/thumb/v6-m/nofp/crtbegin.o
                [!provide]                        PROVIDE (__fini_array_end = .)
                0x0800534c                        . = ALIGN (0x4)
                0x0800534c                        _sidata = LOADADDR (.data)

.rel.dyn        0x0800534c        0x0
 .rel.iplt      0x0800534c        0x0 C:/ST/STM32CubeIDE_2.1.0/STM32CubeIDE/plugins/com.st.stm32cube.ide.mcu.externaltools.gnu-tools-for-stm32.14.3.rel1.win32_1.0.100.202602081740/tools/bin/../lib/gcc/arm-none-eabi/14.3.1/thumb/v6-m/nofp/crtbegin.o

.data           0x20000000        0xc load address 0x0800534c
                0x20000000                        . = ALIGN (0x4)
                0x20000000                        _sdata = .
 *(.data)
 *(.data*)
 .data.SystemCoreClock
                0x20000000        0x4 ./Core/Src/system_stm32c0xx.o
                0x20000000                SystemCoreClock
 .data.uwTickPrio
                0x20000004        0x4 ./Drivers/STM32C0xx_HAL_Driver/Src/stm32c0xx_hal.o
                0x20000004                uwTickPrio
 .data.uwTickFreq
                0x20000008        0x1 ./Drivers/STM32C0xx_HAL_Driver/Src/stm32c0xx_hal.o
                0x20000008                uwTickFreq
 *(.RamFunc)
 *(.RamFunc*)
                0x2000000c                        . = ALIGN (0x4)
 *fill*         0x20000009        0x3 
                0x2000000c                        _edata = .

.igot.plt       0x2000000c        0x0 load address 0x08005358
 .igot.plt      0x2000000c        0x0 C:/ST/STM32CubeIDE_2.1.0/STM32CubeIDE/plugins/com.st.stm32cube.ide.mcu.externaltools.gnu-tools-for-stm32.14.3.rel1.win32_1.0.100.202602081740/tools/bin/../lib/gcc/arm-none-eabi/14.3.1/thumb/v6-m/nofp/crtbegin.o
                0x2000000c                        . = ALIGN (0x4)

.bss            0x2000000c      0x420 load address 0x08005358
                0x2000000c                        _sbss = .
                0x2000000c                        __bss_start__ = _sbss
 *(.bss)
 .bss           0x2000000c       0x1c C:/ST/STM32CubeIDE_2.1.0/STM32CubeIDE/plugins/com.st.stm32cube.ide.mcu.externaltools.gnu-tools-for-stm32.14.3.rel1.win32_1.0.100.202602081740/tools/bin/../lib/gcc/arm-none-eabi/14.3.1/thumb/v6-m/nofp/crtbegin.o
 *(.bss*)
 .bss.hadc1     0x20000028       0x64 ./Core/Src/main.o
                0x20000028                hadc1
 .bss.hdma_adc1
                0x2000008c       0x5c ./Core/Src/main.o
                0x2000008c                hdma_adc1
 .bss.htim3     0x200000e8       0x4c ./Core/Src/main.o
                0x200000e8                htim3
 .bss.huart2    0x20000134       0x94 ./Core/Src/main.o
                0x20000134                huart2
 .bss.hdma_usart2_tx
                0x200001c8       0x5c ./Core/Src/main.o
                0x200001c8                hdma_usart2_tx
 .bss.adc_ready
                0x20000224        0x1 ./Core/Src/main.o
                0x20000224                adc_ready
 .bss.adc_half  0x20000225        0x1 ./Core/Src/main.o
                0x20000225                adc_half
 *fill*         0x20000226        0x2 
 .bss.adc_buffer
                0x20000228      0x200 ./Core/Src/main.o
                0x20000228                adc_buffer
 .bss.uwTick    0x20000428        0x4 ./Drivers/STM32C0xx_HAL_Driver/Src/stm32c0xx_hal.o
                0x20000428                uwTick
 *(COMMON)
                0x2000042c                        . = ALIGN (0x4)
                0x2000042c                        _ebss = .
                0x2000042c                        __bss_end__ = _ebss

._user_heap_stack
                0x2000042c      0x604 load address 0x08005358
                0x20000430                        . = ALIGN (0x8)
 *fill*         0x2000042c        0x4 
                [!provide]                        PROVIDE (end = .)
                0x20000430                        PROVIDE (_end = .)
                0x20000630                        . = (. + _Min_Heap_Size)
 *fill*         0x20000430      0x200 
                0x20000a30                        . = (. + _Min_Stack_Size)
 *fill*         0x20000630      0x400 
                0x20000a30                        . = ALIGN (0x8)

/DISCARD/
 libc.a(*)
 libm.a(*)
 libgcc.a(*)

.ARM.attributes
                0x00000000       0x28
 *(.ARM.attributes)
 .ARM.attributes
                0x00000000       0x1e C:/ST/STM32CubeIDE_2.1.0/STM32CubeIDE/plugins/com.st.stm32cube.ide.mcu.externaltools.gnu-tools-for-stm32.14.3.rel1.win32_1.0.100.202602081740/tools/bin/../lib/gcc/arm-none-eabi/14.3.1/thumb/v6-m/nofp/crti.o
 .ARM.attributes
                0x0000001e       0x2c C:/ST/STM32CubeIDE_2.1.0/STM32CubeIDE/plugins/com.st.stm32cube.ide.mcu.externaltools.gnu-tools-for-stm32.14.3.rel1.win32_1.0.100.202602081740/tools/bin/../lib/gcc/arm-none-eabi/14.3.1/thumb/v6-m/nofp/crtbegin.o
 .ARM.attributes
                0x0000004a       0x2c ./Core/Src/main.o
 .ARM.attributes
                0x00000076       0x2c ./Core/Src/stm32c0xx_hal_msp.o
 .ARM.attributes
                0x000000a2       0x2c ./Core/Src/stm32c0xx_it.o
 .ARM.attributes
                0x000000ce       0x2c ./Core/Src/system_stm32c0xx.o
 .ARM.attributes
                0x000000fa       0x22 ./Core/Startup/startup_stm32c031c6tx.o
 .ARM.attributes
                0x0000011c       0x2c ./Drivers/STM32C0xx_HAL_Driver/Src/stm32c0xx_hal.o
 .ARM.attributes
                0x00000148       0x2c ./Drivers/STM32C0xx_HAL_Driver/Src/stm32c0xx_hal_adc.o
 .ARM.attributes
                0x00000174       0x2c ./Drivers/STM32C0xx_HAL_Driver/Src/stm32c0xx_hal_adc_ex.o
 .ARM.attributes
                0x000001a0       0x2c ./Drivers/STM32C0xx_HAL_Driver/Src/stm32c0xx_hal_cortex.o
 .ARM.attributes
                0x000001cc       0x2c ./Drivers/STM32C0xx_HAL_Driver/Src/stm32c0xx_hal_dma.o
 .ARM.attributes
                0x000001f8       0x2c ./Drivers/STM32C0xx_HAL_Driver/Src/stm32c0xx_hal_gpio.o
 .ARM.attributes
                0x00000224       0x2c ./Drivers/STM32C0xx_HAL_Driver/Src/stm32c0xx_hal_rcc.o
 .ARM.attributes
                0x00000250       0x2c ./Drivers/STM32C0xx_HAL_Driver/Src/stm32c0xx_hal_rcc_ex.o
 .ARM.attributes
                0x0000027c       0x2c ./Drivers/STM32C0xx_HAL_Driver/Src/stm32c0xx_hal_tim.o
 .ARM.attributes
                0x000002a8       0x2c ./Drivers/STM32C0xx_HAL_Driver/Src/stm32c0xx_hal_tim_ex.o
 .ARM.attributes
                0x000002d4       0x2c ./Drivers/STM32C0xx_HAL_Driver/Src/stm32c0xx_hal_uart.o
 .ARM.attributes
                0x00000300       0x2c ./Drivers/STM32C0xx_HAL_Driver/Src/stm32c0xx_hal_uart_ex.o
 .ARM.attributes
                0x0000032c       0x2c C:/ST/STM32CubeIDE_2.1.0/STM32CubeIDE/plugins/com.st.stm32cube.ide.mcu.externaltools.gnu-tools-for-stm32.14.3.rel1.win32_1.0.100.202602081740/tools/bin/../lib/gcc/arm-none-eabi/14.3.1/../../../../arm-none-eabi/lib/thumb/v6-m/nofp\libc_nano.a(libc_a-memset.o)
 .ARM.attributes
                0x00000358       0x2c C:/ST/STM32CubeIDE_2.1.0/STM32CubeIDE/plugins/com.st.stm32cube.ide.mcu.externaltools.gnu-tools-for-stm32.14.3.rel1.win32_1.0.100.202602081740/tools/bin/../lib/gcc/arm-none-eabi/14.3.1/../../../../arm-none-eabi/lib/thumb/v6-m/nofp\libc_nano.a(libc_a-init.o)
 .ARM.attributes
                0x00000384       0x1e C:/ST/STM32CubeIDE_2.1.0/STM32CubeIDE/plugins/com.st.stm32cube.ide.mcu.externaltools.gnu-tools-for-stm32.14.3.rel1.win32_1.0.100.202602081740/tools/bin/../lib/gcc/arm-none-eabi/14.3.1/thumb/v6-m/nofp\libgcc.a(_udivsi3.o)
 .ARM.attributes
                0x000003a2       0x1e C:/ST/STM32CubeIDE_2.1.0/STM32CubeIDE/plugins/com.st.stm32cube.ide.mcu.externaltools.gnu-tools-for-stm32.14.3.rel1.win32_1.0.100.202602081740/tools/bin/../lib/gcc/arm-none-eabi/14.3.1/thumb/v6-m/nofp\libgcc.a(_dvmd_tls.o)
 .ARM.attributes
                0x000003c0       0x1e C:/ST/STM32CubeIDE_2.1.0/STM32CubeIDE/plugins/com.st.stm32cube.ide.mcu.externaltools.gnu-tools-for-stm32.14.3.rel1.win32_1.0.100.202602081740/tools/bin/../lib/gcc/arm-none-eabi/14.3.1/thumb/v6-m/nofp/crtn.o
OUTPUT(ADC_HAL_CONVERSION.elf elf32-littlearm)
LOAD linker stubs
LOAD C:/ST/STM32CubeIDE_2.1.0/STM32CubeIDE/plugins/com.st.stm32cube.ide.mcu.externaltools.gnu-tools-for-stm32.14.3.rel1.win32_1.0.100.202602081740/tools/bin/../lib/gcc/arm-none-eabi/14.3.1/../../../../arm-none-eabi/lib/thumb/v6-m/nofp\libc.a
LOAD C:/ST/STM32CubeIDE_2.1.0/STM32CubeIDE/plugins/com.st.stm32cube.ide.mcu.externaltools.gnu-tools-for-stm32.14.3.rel1.win32_1.0.100.202602081740/tools/bin/../lib/gcc/arm-none-eabi/14.3.1/../../../../arm-none-eabi/lib/thumb/v6-m/nofp\libm.a
LOAD C:/ST/STM32CubeIDE_2.1.0/STM32CubeIDE/plugins/com.st.stm32cube.ide.mcu.externaltools.gnu-tools-for-stm32.14.3.rel1.win32_1.0.100.202602081740/tools/bin/../lib/gcc/arm-none-eabi/14.3.1/thumb/v6-m/nofp\libgcc.a

.debug_info     0x00000000    0x1257a
 .debug_info    0x00000000     0x195d ./Core/Src/main.o
 .debug_info    0x0000195d     0x148c ./Core/Src/stm32c0xx_hal_msp.o
 .debug_info    0x00002de9      0xb4d ./Core/Src/stm32c0xx_it.o
 .debug_info    0x00003936      0x373 ./Core/Src/system_stm32c0xx.o
 .debug_info    0x00003ca9       0x30 ./Core/Startup/startup_stm32c031c6tx.o
 .debug_info    0x00003cd9      0x832 ./Drivers/STM32C0xx_HAL_Driver/Src/stm32c0xx_hal.o
 .debug_info    0x0000450b     0x1565 ./Drivers/STM32C0xx_HAL_Driver/Src/stm32c0xx_hal_adc.o
 .debug_info    0x00005a70      0xae2 ./Drivers/STM32C0xx_HAL_Driver/Src/stm32c0xx_hal_adc_ex.o
 .debug_info    0x00006552      0x87b ./Drivers/STM32C0xx_HAL_Driver/Src/stm32c0xx_hal_cortex.o
 .debug_info    0x00006dcd      0x830 ./Drivers/STM32C0xx_HAL_Driver/Src/stm32c0xx_hal_dma.o
 .debug_info    0x000075fd      0x5b7 ./Drivers/STM32C0xx_HAL_Driver/Src/stm32c0xx_hal_gpio.o
 .debug_info    0x00007bb4      0x903 ./Drivers/STM32C0xx_HAL_Driver/Src/stm32c0xx_hal_rcc.o
 .debug_info    0x000084b7      0x551 ./Drivers/STM32C0xx_HAL_Driver/Src/stm32c0xx_hal_rcc_ex.o
 .debug_info    0x00008a08     0x2b65 ./Drivers/STM32C0xx_HAL_Driver/Src/stm32c0xx_hal_tim.o
 .debug_info    0x0000b56d     0x1878 ./Drivers/STM32C0xx_HAL_Driver/Src/stm32c0xx_hal_tim_ex.o
 .debug_info    0x0000cde5     0x4828 ./Drivers/STM32C0xx_HAL_Driver/Src/stm32c0xx_hal_uart.o
 .debug_info    0x0001160d      0xf6d ./Drivers/STM32C0xx_HAL_Driver/Src/stm32c0xx_hal_uart_ex.o

.debug_abbrev   0x00000000     0x25c7
 .debug_abbrev  0x00000000      0x2df ./Core/Src/main.o
 .debug_abbrev  0x000002df      0x27c ./Core/Src/stm32c0xx_hal_msp.o
 .debug_abbrev  0x0000055b      0x196 ./Core/Src/stm32c0xx_it.o
 .debug_abbrev  0x000006f1      0x119 ./Core/Src/system_stm32c0xx.o
 .debug_abbrev  0x0000080a       0x24 ./Core/Startup/startup_stm32c031c6tx.o
 .debug_abbrev  0x0000082e      0x2cb ./Drivers/STM32C0xx_HAL_Driver/Src/stm32c0xx_hal.o
 .debug_abbrev  0x00000af9      0x256 ./Drivers/STM32C0xx_HAL_Driver/Src/stm32c0xx_hal_adc.o
 .debug_abbrev  0x00000d4f      0x232 ./Drivers/STM32C0xx_HAL_Driver/Src/stm32c0xx_hal_adc_ex.o
 .debug_abbrev  0x00000f81      0x2b7 ./Drivers/STM32C0xx_HAL_Driver/Src/stm32c0xx_hal_cortex.o
 .debug_abbrev  0x00001238      0x1dc ./Drivers/STM32C0xx_HAL_Driver/Src/stm32c0xx_hal_dma.o
 .debug_abbrev  0x00001414      0x1d6 ./Drivers/STM32C0xx_HAL_Driver/Src/stm32c0xx_hal_gpio.o
 .debug_abbrev  0x000015ea      0x28b ./Drivers/STM32C0xx_HAL_Driver/Src/stm32c0xx_hal_rcc.o
 .debug_abbrev  0x00001875      0x225 ./Drivers/STM32C0xx_HAL_Driver/Src/stm32c0xx_hal_rcc_ex.o
 .debug_abbrev  0x00001a9a      0x28a ./Drivers/STM32C0xx_HAL_Driver/Src/stm32c0xx_hal_tim.o
 .debug_abbrev  0x00001d24      0x2aa ./Drivers/STM32C0xx_HAL_Driver/Src/stm32c0xx_hal_tim_ex.o
 .debug_abbrev  0x00001fce      0x314 ./Drivers/STM32C0xx_HAL_Driver/Src/stm32c0xx_hal_uart.o
 .debug_abbrev  0x000022e2      0x2e5 ./Drivers/STM32C0xx_HAL_Driver/Src/stm32c0xx_hal_uart_ex.o

.debug_aranges  0x00000000     0x1048
 .debug_aranges
                0x00000000       0x68 ./Core/Src/main.o
 .debug_aranges
                0x00000068       0x58 ./Core/Src/stm32c0xx_hal_msp.o
 .debug_aranges
                0x000000c0       0x60 ./Core/Src/stm32c0xx_it.o
 .debug_aranges
                0x00000120       0x28 ./Core/Src/system_stm32c0xx.o
 .debug_aranges
                0x00000148       0x28 ./Core/Startup/startup_stm32c031c6tx.o
 .debug_aranges
                0x00000170      0x100 ./Drivers/STM32C0xx_HAL_Driver/Src/stm32c0xx_hal.o
 .debug_aranges
                0x00000270      0x200 ./Drivers/STM32C0xx_HAL_Driver/Src/stm32c0xx_hal_adc.o
 .debug_aranges
                0x00000470       0xb0 ./Drivers/STM32C0xx_HAL_Driver/Src/stm32c0xx_hal_adc_ex.o
 .debug_aranges
                0x00000520       0xe8 ./Drivers/STM32C0xx_HAL_Driver/Src/stm32c0xx_hal_cortex.o
 .debug_aranges
                0x00000608       0x90 ./Drivers/STM32C0xx_HAL_Driver/Src/stm32c0xx_hal_dma.o
 .debug_aranges
                0x00000698       0x68 ./Drivers/STM32C0xx_HAL_Driver/Src/stm32c0xx_hal_gpio.o
 .debug_aranges
                0x00000700       0xa0 ./Drivers/STM32C0xx_HAL_Driver/Src/stm32c0xx_hal_rcc.o
 .debug_aranges
                0x000007a0       0x40 ./Drivers/STM32C0xx_HAL_Driver/Src/stm32c0xx_hal_rcc_ex.o
 .debug_aranges
                0x000007e0      0x3e0 ./Drivers/STM32C0xx_HAL_Driver/Src/stm32c0xx_hal_tim.o
 .debug_aranges
                0x00000bc0      0x198 ./Drivers/STM32C0xx_HAL_Driver/Src/stm32c0xx_hal_tim_ex.o
 .debug_aranges
                0x00000d58      0x248 ./Drivers/STM32C0xx_HAL_Driver/Src/stm32c0xx_hal_uart.o
 .debug_aranges
                0x00000fa0       0xa8 ./Drivers/STM32C0xx_HAL_Driver/Src/stm32c0xx_hal_uart_ex.o

.debug_rnglists
                0x00000000      0xcc9
 .debug_rnglists
                0x00000000       0x4e ./Core/Src/main.o
 .debug_rnglists
                0x0000004e       0x3f ./Core/Src/stm32c0xx_hal_msp.o
 .debug_rnglists
                0x0000008d       0x43 ./Core/Src/stm32c0xx_it.o
 .debug_rnglists
                0x000000d0       0x1a ./Core/Src/system_stm32c0xx.o
 .debug_rnglists
                0x000000ea       0x19 ./Core/Startup/startup_stm32c031c6tx.o
 .debug_rnglists
                0x00000103       0xbc ./Drivers/STM32C0xx_HAL_Driver/Src/stm32c0xx_hal.o
 .debug_rnglists
                0x000001bf      0x18a ./Drivers/STM32C0xx_HAL_Driver/Src/stm32c0xx_hal_adc.o
 .debug_rnglists
                0x00000349       0x81 ./Drivers/STM32C0xx_HAL_Driver/Src/stm32c0xx_hal_adc_ex.o
 .debug_rnglists
                0x000003ca       0xaa ./Drivers/STM32C0xx_HAL_Driver/Src/stm32c0xx_hal_cortex.o
 .debug_rnglists
                0x00000474       0x72 ./Drivers/STM32C0xx_HAL_Driver/Src/stm32c0xx_hal_dma.o
 .debug_rnglists
                0x000004e6       0x4b ./Drivers/STM32C0xx_HAL_Driver/Src/stm32c0xx_hal_gpio.o
 .debug_rnglists
                0x00000531       0x78 ./Drivers/STM32C0xx_HAL_Driver/Src/stm32c0xx_hal_rcc.o
 .debug_rnglists
                0x000005a9       0x2d ./Drivers/STM32C0xx_HAL_Driver/Src/stm32c0xx_hal_rcc_ex.o
 .debug_rnglists
                0x000005d6      0x32a ./Drivers/STM32C0xx_HAL_Driver/Src/stm32c0xx_hal_tim.o
 .debug_rnglists
                0x00000900      0x14e ./Drivers/STM32C0xx_HAL_Driver/Src/stm32c0xx_hal_tim_ex.o
 .debug_rnglists
                0x00000a4e      0x1fb ./Drivers/STM32C0xx_HAL_Driver/Src/stm32c0xx_hal_uart.o
 .debug_rnglists
                0x00000c49       0x80 ./Drivers/STM32C0xx_HAL_Driver/Src/stm32c0xx_hal_uart_ex.o

.debug_macro    0x00000000    0x14acd
 .debug_macro   0x00000000      0x207 ./Core/Src/main.o
 .debug_macro   0x00000207      0xaae ./Core/Src/main.o
 .debug_macro   0x00000cb5       0x2e ./Core/Src/main.o
 .debug_macro   0x00000ce3       0x28 ./Core/Src/main.o
 .debug_macro   0x00000d0b       0x22 ./Core/Src/main.o
 .debug_macro   0x00000d2d       0x8e ./Core/Src/main.o
 .debug_macro   0x00000dbb       0x51 ./Core/Src/main.o
 .debug_macro   0x00000e0c      0x103 ./Core/Src/main.o
 .debug_macro   0x00000f0f       0x6a ./Core/Src/main.o
 .debug_macro   0x00000f79      0x1df ./Core/Src/main.o
 .debug_macro   0x00001158       0x1c ./Core/Src/main.o
 .debug_macro   0x00001174       0x22 ./Core/Src/main.o
 .debug_macro   0x00001196       0xd1 ./Core/Src/main.o
 .debug_macro   0x00001267      0x4da ./Core/Src/main.o
 .debug_macro   0x00001741      0x11f ./Core/Src/main.o
 .debug_macro   0x00001860     0x93cf ./Core/Src/main.o
 .debug_macro   0x0000ac2f       0x6d ./Core/Src/main.o
 .debug_macro   0x0000ac9c      0x175 ./Core/Src/main.o
 .debug_macro   0x0000ae11       0xef ./Core/Src/main.o
 .debug_macro   0x0000af00     0x3440 ./Core/Src/main.o
 .debug_macro   0x0000e340      0x190 ./Core/Src/main.o
 .debug_macro   0x0000e4d0       0x5b ./Core/Src/main.o
 .debug_macro   0x0000e52b      0x366 ./Core/Src/main.o
 .debug_macro   0x0000e891      0xb47 ./Core/Src/main.o
 .debug_macro   0x0000f3d8      0x145 ./Core/Src/main.o
 .debug_macro   0x0000f51d      0x15f ./Core/Src/main.o
 .debug_macro   0x0000f67c      0x19d ./Core/Src/main.o
 .debug_macro   0x0000f819      0x264 ./Core/Src/main.o
 .debug_macro   0x0000fa7d      0x17e ./Core/Src/main.o
 .debug_macro   0x0000fbfb       0x43 ./Core/Src/main.o
 .debug_macro   0x0000fc3e      0x1f1 ./Core/Src/main.o
 .debug_macro   0x0000fe2f      0x91d ./Core/Src/main.o
 .debug_macro   0x0001074c      0x5d7 ./Core/Src/main.o
 .debug_macro   0x00010d23       0x2e ./Core/Src/main.o
 .debug_macro   0x00010d51      0x1b1 ./Core/Src/main.o
 .debug_macro   0x00010f02      0x37c ./Core/Src/main.o
 .debug_macro   0x0001127e       0x28 ./Core/Src/main.o
 .debug_macro   0x000112a6       0xb3 ./Core/Src/main.o
 .debug_macro   0x00011359      0x104 ./Core/Src/main.o
 .debug_macro   0x0001145d       0xf6 ./Core/Src/main.o
 .debug_macro   0x00011553      0xaa6 ./Core/Src/main.o
 .debug_macro   0x00011ff9       0xd9 ./Core/Src/main.o
 .debug_macro   0x000120d2      0x67e ./Core/Src/main.o
 .debug_macro   0x00012750       0xa6 ./Core/Src/main.o
 .debug_macro   0x000127f6      0x3a9 ./Core/Src/main.o
 .debug_macro   0x00012b9f       0x7c ./Core/Src/main.o
 .debug_macro   0x00012c1b      0x207 ./Core/Src/stm32c0xx_hal_msp.o
 .debug_macro   0x00012e22      0x211 ./Core/Src/stm32c0xx_it.o
 .debug_macro   0x00013033      0x1fe ./Core/Src/system_stm32c0xx.o
 .debug_macro   0x00013231      0x216 ./Drivers/STM32C0xx_HAL_Driver/Src/stm32c0xx_hal.o
 .debug_macro   0x00013447      0x21c ./Drivers/STM32C0xx_HAL_Driver/Src/stm32c0xx_hal_adc.o
 .debug_macro   0x00013663      0x204 ./Drivers/STM32C0xx_HAL_Driver/Src/stm32c0xx_hal_adc_ex.o
 .debug_macro   0x00013867      0x1f8 ./Drivers/STM32C0xx_HAL_Driver/Src/stm32c0xx_hal_cortex.o
 .debug_macro   0x00013a5f      0x1f8 ./Drivers/STM32C0xx_HAL_Driver/Src/stm32c0xx_hal_dma.o
 .debug_macro   0x00013c57      0x22d ./Drivers/STM32C0xx_HAL_Driver/Src/stm32c0xx_hal_gpio.o
 .debug_macro   0x00013e84      0x228 ./Drivers/STM32C0xx_HAL_Driver/Src/stm32c0xx_hal_rcc.o
 .debug_macro   0x000140ac      0x20a ./Drivers/STM32C0xx_HAL_Driver/Src/stm32c0xx_hal_rcc_ex.o
 .debug_macro   0x000142b6      0x200 ./Drivers/STM32C0xx_HAL_Driver/Src/stm32c0xx_hal_tim.o
 .debug_macro   0x000144b6      0x1fe ./Drivers/STM32C0xx_HAL_Driver/Src/stm32c0xx_hal_tim_ex.o
 .debug_macro   0x000146b4      0x215 ./Drivers/STM32C0xx_HAL_Driver/Src/stm32c0xx_hal_uart.o
 .debug_macro   0x000148c9      0x204 ./Drivers/STM32C0xx_HAL_Driver/Src/stm32c0xx_hal_uart_ex.o

.debug_line     0x00000000    0x12f38
 .debug_line    0x00000000      0x9ff ./Core/Src/main.o
 .debug_line    0x000009ff      0x92c ./Core/Src/stm32c0xx_hal_msp.o
 .debug_line    0x0000132b      0x87b ./Core/Src/stm32c0xx_it.o
 .debug_line    0x00001ba6      0x815 ./Core/Src/system_stm32c0xx.o
 .debug_line    0x000023bb       0x7d ./Core/Startup/startup_stm32c031c6tx.o
 .debug_line    0x00002438      0xaf8 ./Drivers/STM32C0xx_HAL_Driver/Src/stm32c0xx_hal.o
 .debug_line    0x00002f30     0x1a3c ./Drivers/STM32C0xx_HAL_Driver/Src/stm32c0xx_hal_adc.o
 .debug_line    0x0000496c      0xb23 ./Drivers/STM32C0xx_HAL_Driver/Src/stm32c0xx_hal_adc_ex.o
 .debug_line    0x0000548f      0xc10 ./Drivers/STM32C0xx_HAL_Driver/Src/stm32c0xx_hal_cortex.o
 .debug_line    0x0000609f      0xdfd ./Drivers/STM32C0xx_HAL_Driver/Src/stm32c0xx_hal_dma.o
 .debug_line    0x00006e9c      0xc0d ./Drivers/STM32C0xx_HAL_Driver/Src/stm32c0xx_hal_gpio.o
 .debug_line    0x00007aa9      0xe18 ./Drivers/STM32C0xx_HAL_Driver/Src/stm32c0xx_hal_rcc.o
 .debug_line    0x000088c1      0xa77 ./Drivers/STM32C0xx_HAL_Driver/Src/stm32c0xx_hal_rcc_ex.o
 .debug_line    0x00009338     0x3c23 ./Drivers/STM32C0xx_HAL_Driver/Src/stm32c0xx_hal_tim.o
 .debug_line    0x0000cf5b     0x1bac ./Drivers/STM32C0xx_HAL_Driver/Src/stm32c0xx_hal_tim_ex.o
 .debug_line    0x0000eb07     0x3693 ./Drivers/STM32C0xx_HAL_Driver/Src/stm32c0xx_hal_uart.o
 .debug_line    0x0001219a      0xd9e ./Drivers/STM32C0xx_HAL_Driver/Src/stm32c0xx_hal_uart_ex.o

.debug_str      0x00000000    0x866f7
 .debug_str     0x00000000    0x866f7 ./Core/Src/main.o
                              0x830c3 (size before relaxing)
 .debug_str     0x000866f7    0x82da7 ./Core/Src/stm32c0xx_hal_msp.o
 .debug_str     0x000866f7    0x826d6 ./Core/Src/stm32c0xx_it.o
 .debug_str     0x000866f7    0x81d45 ./Core/Src/system_stm32c0xx.o
 .debug_str     0x000866f7       0x93 ./Core/Startup/startup_stm32c031c6tx.o
 .debug_str     0x000866f7    0x8233b ./Drivers/STM32C0xx_HAL_Driver/Src/stm32c0xx_hal.o
 .debug_str     0x000866f7    0x82b0b ./Drivers/STM32C0xx_HAL_Driver/Src/stm32c0xx_hal_adc.o
 .debug_str     0x000866f7    0x824b9 ./Drivers/STM32C0xx_HAL_Driver/Src/stm32c0xx_hal_adc_ex.o
 .debug_str     0x000866f7    0x8215e ./Drivers/STM32C0xx_HAL_Driver/Src/stm32c0xx_hal_cortex.o
 .debug_str     0x000866f7    0x821bc ./Drivers/STM32C0xx_HAL_Driver/Src/stm32c0xx_hal_dma.o
 .debug_str     0x000866f7    0x81f3d ./Drivers/STM32C0xx_HAL_Driver/Src/stm32c0xx_hal_gpio.o
 .debug_str     0x000866f7    0x82330 ./Drivers/STM32C0xx_HAL_Driver/Src/stm32c0xx_hal_rcc.o
 .debug_str     0x000866f7    0x81fae ./Drivers/STM32C0xx_HAL_Driver/Src/stm32c0xx_hal_rcc_ex.o
 .debug_str     0x000866f7    0x8326d ./Drivers/STM32C0xx_HAL_Driver/Src/stm32c0xx_hal_tim.o
 .debug_str     0x000866f7    0x82bfb ./Drivers/STM32C0xx_HAL_Driver/Src/stm32c0xx_hal_tim_ex.o
 .debug_str     0x000866f7    0x82c95 ./Drivers/STM32C0xx_HAL_Driver/Src/stm32c0xx_hal_uart.o
 .debug_str     0x000866f7    0x825be ./Drivers/STM32C0xx_HAL_Driver/Src/stm32c0xx_hal_uart_ex.o

.comment        0x00000000       0x43
 .comment       0x00000000       0x43 ./Core/Src/main.o
                                 0x44 (size before relaxing)
 .comment       0x00000043       0x44 ./Core/Src/stm32c0xx_hal_msp.o
 .comment       0x00000043       0x44 ./Core/Src/stm32c0xx_it.o
 .comment       0x00000043       0x44 ./Core/Src/system_stm32c0xx.o
 .comment       0x00000043       0x44 ./Drivers/STM32C0xx_HAL_Driver/Src/stm32c0xx_hal.o
 .comment       0x00000043       0x44 ./Drivers/STM32C0xx_HAL_Driver/Src/stm32c0xx_hal_adc.o
 .comment       0x00000043       0x44 ./Drivers/STM32C0xx_HAL_Driver/Src/stm32c0xx_hal_adc_ex.o
 .comment       0x00000043       0x44 ./Drivers/STM32C0xx_HAL_Driver/Src/stm32c0xx_hal_cortex.o
 .comment       0x00000043       0x44 ./Drivers/STM32C0xx_HAL_Driver/Src/stm32c0xx_hal_dma.o
 .comment       0x00000043       0x44 ./Drivers/STM32C0xx_HAL_Driver/Src/stm32c0xx_hal_gpio.o
 .comment       0x00000043       0x44 ./Drivers/STM32C0xx_HAL_Driver/Src/stm32c0xx_hal_rcc.o
 .comment       0x00000043       0x44 ./Drivers/STM32C0xx_HAL_Driver/Src/stm32c0xx_hal_rcc_ex.o
 .comment       0x00000043       0x44 ./Drivers/STM32C0xx_HAL_Driver/Src/stm32c0xx_hal_tim.o
 .comment       0x00000043       0x44 ./Drivers/STM32C0xx_HAL_Driver/Src/stm32c0xx_hal_tim_ex.o
 .comment       0x00000043       0x44 ./Drivers/STM32C0xx_HAL_Driver/Src/stm32c0xx_hal_uart.o
 .comment       0x00000043       0x44 ./Drivers/STM32C0xx_HAL_Driver/Src/stm32c0xx_hal_uart_ex.o

.debug_frame    0x00000000     0x3b88
 .debug_frame   0x00000000      0x144 ./Core/Src/main.o
 .debug_frame   0x00000144      0x110 ./Core/Src/stm32c0xx_hal_msp.o
 .debug_frame   0x00000254      0x10c ./Core/Src/stm32c0xx_it.o
 .debug_frame   0x00000360       0x4c ./Core/Src/system_stm32c0xx.o
 .debug_frame   0x000003ac      0x368 ./Drivers/STM32C0xx_HAL_Driver/Src/stm32c0xx_hal.o
 .debug_frame   0x00000714      0x7d0 ./Drivers/STM32C0xx_HAL_Driver/Src/stm32c0xx_hal_adc.o
 .debug_frame   0x00000ee4      0x270 ./Drivers/STM32C0xx_HAL_Driver/Src/stm32c0xx_hal_adc_ex.o
 .debug_frame   0x00001154      0x33c ./Drivers/STM32C0xx_HAL_Driver/Src/stm32c0xx_hal_cortex.o
 .debug_frame   0x00001490      0x1f0 ./Drivers/STM32C0xx_HAL_Driver/Src/stm32c0xx_hal_dma.o
 .debug_frame   0x00001680      0x150 ./Drivers/STM32C0xx_HAL_Driver/Src/stm32c0xx_hal_gpio.o
 .debug_frame   0x000017d0      0x214 ./Drivers/STM32C0xx_HAL_Driver/Src/stm32c0xx_hal_rcc.o
 .debug_frame   0x000019e4       0xac ./Drivers/STM32C0xx_HAL_Driver/Src/stm32c0xx_hal_rcc_ex.o
 .debug_frame   0x00001a90      0xf40 ./Drivers/STM32C0xx_HAL_Driver/Src/stm32c0xx_hal_tim.o
 .debug_frame   0x000029d0      0x620 ./Drivers/STM32C0xx_HAL_Driver/Src/stm32c0xx_hal_tim_ex.o
 .debug_frame   0x00002ff0      0x8d4 ./Drivers/STM32C0xx_HAL_Driver/Src/stm32c0xx_hal_uart.o
 .debug_frame   0x000038c4      0x258 ./Drivers/STM32C0xx_HAL_Driver/Src/stm32c0xx_hal_uart_ex.o
 .debug_frame   0x00003b1c       0x20 C:/ST/STM32CubeIDE_2.1.0/STM32CubeIDE/plugins/com.st.stm32cube.ide.mcu.externaltools.gnu-tools-for-stm32.14.3.rel1.win32_1.0.100.202602081740/tools/bin/../lib/gcc/arm-none-eabi/14.3.1/../../../../arm-none-eabi/lib/thumb/v6-m/nofp\libc_nano.a(libc_a-memset.o)
 .debug_frame   0x00003b3c       0x2c C:/ST/STM32CubeIDE_2.1.0/STM32CubeIDE/plugins/com.st.stm32cube.ide.mcu.externaltools.gnu-tools-for-stm32.14.3.rel1.win32_1.0.100.202602081740/tools/bin/../lib/gcc/arm-none-eabi/14.3.1/../../../../arm-none-eabi/lib/thumb/v6-m/nofp\libc_nano.a(libc_a-init.o)
 .debug_frame   0x00003b68       0x20 C:/ST/STM32CubeIDE_2.1.0/STM32CubeIDE/plugins/com.st.stm32cube.ide.mcu.externaltools.gnu-tools-for-stm32.14.3.rel1.win32_1.0.100.202602081740/tools/bin/../lib/gcc/arm-none-eabi/14.3.1/thumb/v6-m/nofp\libgcc.a(_udivsi3.o)

.debug_line_str
                0x00000000       0x77
 .debug_line_str
                0x00000000       0x77 ./Core/Startup/startup_stm32c031c6tx.o
